../Drivers/CMSIS/Include/core_cm3.h:1452:22:NVIC_EnableIRQ	16	static
../src/nucleo152start.h:1:6:SetSysClock	16	static
../src/main.c:47:5:main	16	static,ignoring_inline_asm
../src/main.c:156:6:timer5_init	4	static
../src/main.c:167:6:EXTI9_5_init	8	static
../src/main.c:180:6:EXTI9_5_IRQHandler	16	static
../src/main.c:209:6:pa10_init	4	static
../src/main.c:215:6:adc_A0_init	4	static
../src/main.c:225:5:read_A0	16	static
../src/main.c:299:6:USART2_Init	4	static
../src/main.c:314:6:USART2_write	16	static
../src/main.c:321:6:USART2_bufWrite	16	static
../src/main.c:328:6:USART2_intWrite	128	static
../src/main.c:341:6:USART2_read	16	static
../src/main.c:371:6:delay_Ms	24	static
