../Drivers/CMSIS/Include/core_cm3.h:1452:22:NVIC_EnableIRQ	16	static
../src/nucleo152start.h:1:6:SetSysClock	16	static
../src/main.c:47:5:main	144	static,ignoring_inline_asm
../src/main.c:154:6:timer5_init	4	static
../src/main.c:165:6:EXTI9_5_init	8	static
../src/main.c:178:6:EXTI9_5_IRQHandler	16	static
../src/main.c:207:6:pa10_init	4	static
../src/main.c:213:6:adc_A0_init	4	static
../src/main.c:223:5:read_A0	16	static
../src/main.c:236:6:pow_int	4	static
../src/main.c:242:6:adc_A1_init	4	static
../src/main.c:252:5:read_A1	16	static
../src/main.c:266:6:adc_B0_init	4	static
../src/main.c:276:10:read_B0	16	static
../src/main.c:296:6:USART2_Init	4	static
../src/main.c:311:6:USART2_write	16	static
../src/main.c:318:6:USART2_bufWrite	16	static
../src/main.c:325:6:USART2_intWrite	128	static
../src/main.c:338:6:USART2_read	16	static
../src/main.c:345:13:bubbleShort5	32	static
../src/main.c:357:6:delay_Ms	24	static
C:\ST\STM32CubeIDE_1.17.0\STM32CubeIDE\plugins\com.st.stm32cube.ide.mcu.externaltools.gnu-tools-for-stm32.12.3.rel1.win32_1.1.0.202410251130\tools\bin/../lib/gcc/arm-none-eabi/12.3.1/../../../../arm-none-eabi/include/stdlib.h:70:5:abs	16	static
