Archive member included to satisfy reference by file (symbol)

C:/ST/STM32CubeIDE_1.17.0/STM32CubeIDE/plugins/com.st.stm32cube.ide.mcu.externaltools.gnu-tools-for-stm32.12.3.rel1.win32_1.1.0.202410251130/tools/bin/../lib/gcc/arm-none-eabi/12.3.1/../../../../arm-none-eabi/lib/thumb/v7-m/nofp\libc_nano.a(libc_a-exit.o)
                              C:/ST/STM32CubeIDE_1.17.0/STM32CubeIDE/plugins/com.st.stm32cube.ide.mcu.externaltools.gnu-tools-for-stm32.12.3.rel1.win32_1.1.0.202410251130/tools/bin/../lib/gcc/arm-none-eabi/12.3.1/../../../../arm-none-eabi/lib/thumb/v7-m/nofp/crt0.o (exit)
C:/ST/STM32CubeIDE_1.17.0/STM32CubeIDE/plugins/com.st.stm32cube.ide.mcu.externaltools.gnu-tools-for-stm32.12.3.rel1.win32_1.1.0.202410251130/tools/bin/../lib/gcc/arm-none-eabi/12.3.1/../../../../arm-none-eabi/lib/thumb/v7-m/nofp\libc_nano.a(libc_a-findfp.o)
                              C:/ST/STM32CubeIDE_1.17.0/STM32CubeIDE/plugins/com.st.stm32cube.ide.mcu.externaltools.gnu-tools-for-stm32.12.3.rel1.win32_1.1.0.202410251130/tools/bin/../lib/gcc/arm-none-eabi/12.3.1/../../../../arm-none-eabi/lib/thumb/v7-m/nofp\libc_nano.a(libc_a-exit.o) (__stdio_exit_handler)
C:/ST/STM32CubeIDE_1.17.0/STM32CubeIDE/plugins/com.st.stm32cube.ide.mcu.externaltools.gnu-tools-for-stm32.12.3.rel1.win32_1.1.0.202410251130/tools/bin/../lib/gcc/arm-none-eabi/12.3.1/../../../../arm-none-eabi/lib/thumb/v7-m/nofp\libc_nano.a(libc_a-fwalk.o)
                              C:/ST/STM32CubeIDE_1.17.0/STM32CubeIDE/plugins/com.st.stm32cube.ide.mcu.externaltools.gnu-tools-for-stm32.12.3.rel1.win32_1.1.0.202410251130/tools/bin/../lib/gcc/arm-none-eabi/12.3.1/../../../../arm-none-eabi/lib/thumb/v7-m/nofp\libc_nano.a(libc_a-findfp.o) (_fwalk_sglue)
C:/ST/STM32CubeIDE_1.17.0/STM32CubeIDE/plugins/com.st.stm32cube.ide.mcu.externaltools.gnu-tools-for-stm32.12.3.rel1.win32_1.1.0.202410251130/tools/bin/../lib/gcc/arm-none-eabi/12.3.1/../../../../arm-none-eabi/lib/thumb/v7-m/nofp\libc_nano.a(libc_a-stdio.o)
                              C:/ST/STM32CubeIDE_1.17.0/STM32CubeIDE/plugins/com.st.stm32cube.ide.mcu.externaltools.gnu-tools-for-stm32.12.3.rel1.win32_1.1.0.202410251130/tools/bin/../lib/gcc/arm-none-eabi/12.3.1/../../../../arm-none-eabi/lib/thumb/v7-m/nofp\libc_nano.a(libc_a-findfp.o) (__sread)
C:/ST/STM32CubeIDE_1.17.0/STM32CubeIDE/plugins/com.st.stm32cube.ide.mcu.externaltools.gnu-tools-for-stm32.12.3.rel1.win32_1.1.0.202410251130/tools/bin/../lib/gcc/arm-none-eabi/12.3.1/../../../../arm-none-eabi/lib/thumb/v7-m/nofp\libc_nano.a(libc_a-memset.o)
                              C:/ST/STM32CubeIDE_1.17.0/STM32CubeIDE/plugins/com.st.stm32cube.ide.mcu.externaltools.gnu-tools-for-stm32.12.3.rel1.win32_1.1.0.202410251130/tools/bin/../lib/gcc/arm-none-eabi/12.3.1/../../../../arm-none-eabi/lib/thumb/v7-m/nofp/crt0.o (memset)
C:/ST/STM32CubeIDE_1.17.0/STM32CubeIDE/plugins/com.st.stm32cube.ide.mcu.externaltools.gnu-tools-for-stm32.12.3.rel1.win32_1.1.0.202410251130/tools/bin/../lib/gcc/arm-none-eabi/12.3.1/../../../../arm-none-eabi/lib/thumb/v7-m/nofp\libc_nano.a(libc_a-closer.o)
                              C:/ST/STM32CubeIDE_1.17.0/STM32CubeIDE/plugins/com.st.stm32cube.ide.mcu.externaltools.gnu-tools-for-stm32.12.3.rel1.win32_1.1.0.202410251130/tools/bin/../lib/gcc/arm-none-eabi/12.3.1/../../../../arm-none-eabi/lib/thumb/v7-m/nofp\libc_nano.a(libc_a-stdio.o) (_close_r)
C:/ST/STM32CubeIDE_1.17.0/STM32CubeIDE/plugins/com.st.stm32cube.ide.mcu.externaltools.gnu-tools-for-stm32.12.3.rel1.win32_1.1.0.202410251130/tools/bin/../lib/gcc/arm-none-eabi/12.3.1/../../../../arm-none-eabi/lib/thumb/v7-m/nofp\libc_nano.a(libc_a-reent.o)
                              ./src/syscalls.o (errno)
C:/ST/STM32CubeIDE_1.17.0/STM32CubeIDE/plugins/com.st.stm32cube.ide.mcu.externaltools.gnu-tools-for-stm32.12.3.rel1.win32_1.1.0.202410251130/tools/bin/../lib/gcc/arm-none-eabi/12.3.1/../../../../arm-none-eabi/lib/thumb/v7-m/nofp\libc_nano.a(libc_a-impure.o)
                              C:/ST/STM32CubeIDE_1.17.0/STM32CubeIDE/plugins/com.st.stm32cube.ide.mcu.externaltools.gnu-tools-for-stm32.12.3.rel1.win32_1.1.0.202410251130/tools/bin/../lib/gcc/arm-none-eabi/12.3.1/../../../../arm-none-eabi/lib/thumb/v7-m/nofp\libc_nano.a(libc_a-reent.o) (_impure_ptr)
C:/ST/STM32CubeIDE_1.17.0/STM32CubeIDE/plugins/com.st.stm32cube.ide.mcu.externaltools.gnu-tools-for-stm32.12.3.rel1.win32_1.1.0.202410251130/tools/bin/../lib/gcc/arm-none-eabi/12.3.1/../../../../arm-none-eabi/lib/thumb/v7-m/nofp\libc_nano.a(libc_a-lseekr.o)
                              C:/ST/STM32CubeIDE_1.17.0/STM32CubeIDE/plugins/com.st.stm32cube.ide.mcu.externaltools.gnu-tools-for-stm32.12.3.rel1.win32_1.1.0.202410251130/tools/bin/../lib/gcc/arm-none-eabi/12.3.1/../../../../arm-none-eabi/lib/thumb/v7-m/nofp\libc_nano.a(libc_a-stdio.o) (_lseek_r)
[...]
Memory Configuration

Name             Origin             Length             Attributes
FLASH            0x08000000         0x00080000         xr
RAM              0x20000000         0x00014000         xrw
MEMORY_B1        0x60000000         0x00000000         xr
*default*        0x00000000         0xffffffff

Linker script and memory map

LOAD C:/ST/STM32CubeIDE_1.17.0/STM32CubeIDE/plugins/com.st.stm32cube.ide.mcu.externaltools.gnu-tools-for-stm32.12.3.rel1.win32_1.1.0.202410251130/tools/bin/../lib/gcc/arm-none-eabi/12.3.1/thumb/v7-m/nofp/crti.o
LOAD C:/ST/STM32CubeIDE_1.17.0/STM32CubeIDE/plugins/com.st.stm32cube.ide.mcu.externaltools.gnu-tools-for-stm32.12.3.rel1.win32_1.1.0.202410251130/tools/bin/../lib/gcc/arm-none-eabi/12.3.1/thumb/v7-m/nofp/crtbegin.o
LOAD C:/ST/STM32CubeIDE_1.17.0/STM32CubeIDE/plugins/com.st.stm32cube.ide.mcu.externaltools.gnu-tools-for-stm32.12.3.rel1.win32_1.1.0.202410251130/tools/bin/../lib/gcc/arm-none-eabi/12.3.1/../../../../arm-none-eabi/lib/thumb/v7-m/nofp/crt0.o
LOAD ./src/main.o
LOAD ./src/startup_stm32l152xe.o
LOAD ./src/syscalls.o
LOAD ./src/system_stm32l1xx.o
LOAD ./src/tiny_printf.o
START GROUP
LOAD C:/ST/STM32CubeIDE_1.17.0/STM32CubeIDE/plugins/com.st.stm32cube.ide.mcu.externaltools.gnu-tools-for-stm32.12.3.rel1.win32_1.1.0.202410251130/tools/bin/../lib/gcc/arm-none-eabi/12.3.1/../../../../arm-none-eabi/lib/thumb/v7-m/nofp\libc_nano.a
LOAD C:/ST/STM32CubeIDE_1.17.0/STM32CubeIDE/plugins/com.st.stm32cube.ide.mcu.externaltools.gnu-tools-for-stm32.12.3.rel1.win32_1.1.0.202410251130/tools/bin/../lib/gcc/arm-none-eabi/12.3.1/../../../../arm-none-eabi/lib/thumb/v7-m/nofp\libm.a
END GROUP
START GROUP
LOAD C:/ST/STM32CubeIDE_1.17.0/STM32CubeIDE/plugins/com.st.stm32cube.ide.mcu.externaltools.gnu-tools-for-stm32.12.3.rel1.win32_1.1.0.202410251130/tools/bin/../lib/gcc/arm-none-eabi/12.3.1/thumb/v7-m/nofp\libgcc.a
LOAD C:/ST/STM32CubeIDE_1.17.0/STM32CubeIDE/plugins/com.st.stm32cube.ide.mcu.externaltools.gnu-tools-for-stm32.12.3.rel1.win32_1.1.0.202410251130/tools/bin/../lib/gcc/arm-none-eabi/12.3.1/../../../../arm-none-eabi/lib/thumb/v7-m/nofp\libc_nano.a
END GROUP
START GROUP
LOAD C:/ST/STM32CubeIDE_1.17.0/STM32CubeIDE/plugins/com.st.stm32cube.ide.mcu.externaltools.gnu-tools-for-stm32.12.3.rel1.win32_1.1.0.202410251130/tools/bin/../lib/gcc/arm-none-eabi/12.3.1/thumb/v7-m/nofp\libgcc.a
LOAD C:/ST/STM32CubeIDE_1.17.0/STM32CubeIDE/plugins/com.st.stm32cube.ide.mcu.externaltools.gnu-tools-for-stm32.12.3.rel1.win32_1.1.0.202410251130/tools/bin/../lib/gcc/arm-none-eabi/12.3.1/../../../../arm-none-eabi/lib/thumb/v7-m/nofp\libc_nano.a
LOAD C:/ST/STM32CubeIDE_1.17.0/STM32CubeIDE/plugins/com.st.stm32cube.ide.mcu.externaltools.gnu-tools-for-stm32.12.3.rel1.win32_1.1.0.202410251130/tools/bin/../lib/gcc/arm-none-eabi/12.3.1/../../../../arm-none-eabi/lib/thumb/v7-m/nofp\libnosys.a
END GROUP
START GROUP
LOAD C:/ST/STM32CubeIDE_1.17.0/STM32CubeIDE/plugins/com.st.stm32cube.ide.mcu.externaltools.gnu-tools-for-stm32.12.3.rel1.win32_1.1.0.202410251130/tools/bin/../lib/gcc/arm-none-eabi/12.3.1/thumb/v7-m/nofp\libgcc.a
LOAD C:/ST/STM32CubeIDE_1.17.0/STM32CubeIDE/plugins/com.st.stm32cube.ide.mcu.externaltools.gnu-tools-for-stm32.12.3.rel1.win32_1.1.0.202410251130/tools/bin/../lib/gcc/arm-none-eabi/12.3.1/../../../../arm-none-eabi/lib/thumb/v7-m/nofp\libc_nano.a
LOAD C:/ST/STM32CubeIDE_1.17.0/STM32CubeIDE/plugins/com.st.stm32cube.ide.mcu.externaltools.gnu-tools-for-stm32.12.3.rel1.win32_1.1.0.202410251130/tools/bin/../lib/gcc/arm-none-eabi/12.3.1/../../../../arm-none-eabi/lib/thumb/v7-m/nofp\libnosys.a
END GROUP
LOAD C:/ST/STM32CubeIDE_1.17.0/STM32CubeIDE/plugins/com.st.stm32cube.ide.mcu.externaltools.gnu-tools-for-stm32.12.3.rel1.win32_1.1.0.202410251130/tools/bin/../lib/gcc/arm-none-eabi/12.3.1/thumb/v7-m/nofp/crtend.o
LOAD C:/ST/STM32CubeIDE_1.17.0/STM32CubeIDE/plugins/com.st.stm32cube.ide.mcu.externaltools.gnu-tools-for-stm32.12.3.rel1.win32_1.1.0.202410251130/tools/bin/../lib/gcc/arm-none-eabi/12.3.1/thumb/v7-m/nofp/crtn.o
                0x20014000                        _estack = 0x20014000
                0x00000000                        _Min_Heap_Size = 0x0
                0x00000400                        _Min_Stack_Size = 0x400

.isr_vector     0x08000000      0x13c
                0x08000000                        . = ALIGN (0x4)
 *(.isr_vector)
 .isr_vector    0x08000000      0x13c ./src/startup_stm32l152xe.o
                0x08000000                g_pfnVectors
                0x0800013c                        . = ALIGN (0x4)

.text           0x0800013c      0xbb8
                0x0800013c                        . = ALIGN (0x4)
 *(.text)
 .text          0x0800013c       0x40 C:/ST/STM32CubeIDE_1.17.0/STM32CubeIDE/plugins/com.st.stm32cube.ide.mcu.externaltools.gnu-tools-for-stm32.12.3.rel1.win32_1.1.0.202410251130/tools/bin/../lib/gcc/arm-none-eabi/12.3.1/thumb/v7-m/nofp/crtbegin.o
 *(.text*)
 .text.NVIC_EnableIRQ
                0x0800017c       0x30 ./src/main.o
 .text.SetSysClock
                0x080001ac      0x110 ./src/main.o
                0x080001ac                SetSysClock
 .text.main     0x080002bc       0xd0 ./src/main.o
                0x080002bc                main
 .text.timer5_init
                0x0800038c       0x38 ./src/main.o
                0x0800038c                timer5_init
 .text.EXTI9_5_init
                0x080003c4       0x8c ./src/main.o
                0x080003c4                EXTI9_5_init
 .text.EXTI9_5_IRQHandler
                0x08000450       0x9c ./src/main.o
                0x08000450                EXTI9_5_IRQHandler
 .text.pa10_init
                0x080004ec       0x38 ./src/main.o
                0x080004ec                pa10_init
 .text.adc_A0_init
                0x08000524       0x60 ./src/main.o
                0x08000524                adc_A0_init
 .text.read_A0  0x08000584       0x58 ./src/main.o
                0x08000584                read_A0
 .text.pow_int  0x080005dc       0x38 ./src/main.o
                0x080005dc                pow_int
 .text.adc_A1_init
                0x08000614       0x60 ./src/main.o
                0x08000614                adc_A1_init
 .text.adc_B0_init
                0x08000674       0x60 ./src/main.o
                0x08000674                adc_B0_init
 .text.USART2_Init
                0x080006d4       0x84 ./src/main.o
                0x080006d4                USART2_Init
 .text.USART2_write
                0x08000758       0x2c ./src/main.o
                0x08000758                USART2_write
 .text.USART2_bufWrite
                0x08000784       0x2a ./src/main.o
                0x08000784                USART2_bufWrite
 *fill*         0x080007ae        0x2 
 .text.USART2_intWrite
                0x080007b0       0x74 ./src/main.o
                0x080007b0                USART2_intWrite
 .text.Reset_Handler
                0x08000824       0x48 ./src/startup_stm32l152xe.o
                0x08000824                Reset_Handler
 .text.Default_Handler
                0x0800086c        0x2 ./src/startup_stm32l152xe.o
                0x0800086c                RTC_Alarm_IRQHandler
                0x0800086c                EXTI2_IRQHandler
                0x0800086c                COMP_ACQ_IRQHandler
                0x0800086c                DebugMon_Handler
                0x0800086c                HardFault_Handler
                0x0800086c                TIM10_IRQHandler
                0x0800086c                USB_HP_IRQHandler
                0x0800086c                TIM6_IRQHandler
                0x0800086c                SysTick_Handler
                0x0800086c                PVD_IRQHandler
                0x0800086c                PendSV_Handler
                0x0800086c                NMI_Handler
                0x0800086c                EXTI3_IRQHandler
                0x0800086c                EXTI0_IRQHandler
                0x0800086c                I2C2_EV_IRQHandler
                0x0800086c                UsageFault_Handler
                0x0800086c                SPI1_IRQHandler
                0x0800086c                USB_FS_WKUP_IRQHandler
                0x0800086c                DMA2_Channel2_IRQHandler
                0x0800086c                DMA1_Channel4_IRQHandler
                0x0800086c                ADC1_IRQHandler
                0x0800086c                USART3_IRQHandler
                0x0800086c                DMA1_Channel7_IRQHandler
                0x0800086c                LCD_IRQHandler
                0x0800086c                UART5_IRQHandler
                0x0800086c                TIM4_IRQHandler
                0x0800086c                DMA2_Channel1_IRQHandler
                0x0800086c                I2C1_EV_IRQHandler
                0x0800086c                DMA1_Channel6_IRQHandler
                0x0800086c                UART4_IRQHandler
                0x0800086c                DMA2_Channel4_IRQHandler
                0x0800086c                TIM3_IRQHandler
                0x0800086c                RCC_IRQHandler
                0x0800086c                DMA1_Channel1_IRQHandler
                0x0800086c                Default_Handler
                0x0800086c                EXTI15_10_IRQHandler
                0x0800086c                TIM7_IRQHandler
                0x0800086c                TIM5_IRQHandler
                0x0800086c                TIM9_IRQHandler
                0x0800086c                TAMPER_STAMP_IRQHandler
                0x0800086c                RTC_WKUP_IRQHandler
                0x0800086c                SPI2_IRQHandler
                0x0800086c                MemManage_Handler
                0x0800086c                SVC_Handler
                0x0800086c                DMA2_Channel5_IRQHandler
                0x0800086c                DMA1_Channel5_IRQHandler
                0x0800086c                USB_LP_IRQHandler
                0x0800086c                EXTI4_IRQHandler
                0x0800086c                DMA1_Channel3_IRQHandler
                0x0800086c                COMP_IRQHandler
                0x0800086c                WWDG_IRQHandler
                0x0800086c                TIM2_IRQHandler
                0x0800086c                DAC_IRQHandler
                0x0800086c                EXTI1_IRQHandler
                0x0800086c                TIM11_IRQHandler
                0x0800086c                USART2_IRQHandler
                0x0800086c                I2C2_ER_IRQHandler
                0x0800086c                DMA1_Channel2_IRQHandler
                0x0800086c                FLASH_IRQHandler
                0x0800086c                BusFault_Handler
                0x0800086c                USART1_IRQHandler
                0x0800086c                SPI3_IRQHandler
                0x0800086c                I2C1_ER_IRQHandler
                0x0800086c                DMA2_Channel3_IRQHandler
 *fill*         0x0800086e        0x2 
 .text.SystemInit
                0x08000870       0x68 ./src/system_stm32l1xx.o
                0x08000870                SystemInit
 .text.SystemCoreClockUpdate
                0x080008d8      0x150 ./src/system_stm32l1xx.o
                0x080008d8                SystemCoreClockUpdate
 .text.ts_itoa  0x08000a28       0x92 ./src/tiny_printf.o
                0x08000a28                ts_itoa
 *fill*         0x08000aba        0x2 
 .text.ts_formatstring
                0x08000abc      0x1ac ./src/tiny_printf.o
                0x08000abc                ts_formatstring
 .text.siprintf
                0x08000c68       0x2c ./src/tiny_printf.o
                0x08000c68                siprintf
                0x08000c68                sprintf
 .text.__libc_init_array
                0x08000c94       0x48 C:/ST/STM32CubeIDE_1.17.0/STM32CubeIDE/plugins/com.st.stm32cube.ide.mcu.externaltools.gnu-tools-for-stm32.12.3.rel1.win32_1.1.0.202410251130/tools/bin/../lib/gcc/arm-none-eabi/12.3.1/../../../../arm-none-eabi/lib/thumb/v7-m/nofp\libc_nano.a(libc_a-init.o)
                0x08000c94                __libc_init_array
 *(.glue_7)
 .glue_7        0x08000cdc        0x0 linker stubs
 *(.glue_7t)
 .glue_7t       0x08000cdc        0x0 linker stubs
 *(.eh_frame)
 .eh_frame      0x08000cdc        0x0 C:/ST/STM32CubeIDE_1.17.0/STM32CubeIDE/plugins/com.st.stm32cube.ide.mcu.externaltools.gnu-tools-for-stm32.12.3.rel1.win32_1.1.0.202410251130/tools/bin/../lib/gcc/arm-none-eabi/12.3.1/thumb/v7-m/nofp/crtbegin.o
 *(.init)
 .init          0x08000cdc        0x4 C:/ST/STM32CubeIDE_1.17.0/STM32CubeIDE/plugins/com.st.stm32cube.ide.mcu.externaltools.gnu-tools-for-stm32.12.3.rel1.win32_1.1.0.202410251130/tools/bin/../lib/gcc/arm-none-eabi/12.3.1/thumb/v7-m/nofp/crti.o
                0x08000cdc                _init
 .init          0x08000ce0        0x8 C:/ST/STM32CubeIDE_1.17.0/STM32CubeIDE/plugins/com.st.stm32cube.ide.mcu.externaltools.gnu-tools-for-stm32.12.3.rel1.win32_1.1.0.202410251130/tools/bin/../lib/gcc/arm-none-eabi/12.3.1/thumb/v7-m/nofp/crtn.o
 *(.fini)
 .fini          0x08000ce8        0x4 C:/ST/STM32CubeIDE_1.17.0/STM32CubeIDE/plugins/com.st.stm32cube.ide.mcu.externaltools.gnu-tools-for-stm32.12.3.rel1.win32_1.1.0.202410251130/tools/bin/../lib/gcc/arm-none-eabi/12.3.1/thumb/v7-m/nofp/crti.o
                0x08000ce8                _fini
 .fini          0x08000cec        0x8 C:/ST/STM32CubeIDE_1.17.0/STM32CubeIDE/plugins/com.st.stm32cube.ide.mcu.externaltools.gnu-tools-for-stm32.12.3.rel1.win32_1.1.0.202410251130/tools/bin/../lib/gcc/arm-none-eabi/12.3.1/thumb/v7-m/nofp/crtn.o
                0x08000cf4                        . = ALIGN (0x4)
                0x08000cf4                        _etext = .

.vfp11_veneer   0x08000cf4        0x0
 .vfp11_veneer  0x08000cf4        0x0 linker stubs

.v4_bx          0x08000cf4        0x0
 .v4_bx         0x08000cf4        0x0 linker stubs

.iplt           0x08000cf4        0x0
 .iplt          0x08000cf4        0x0 C:/ST/STM32CubeIDE_1.17.0/STM32CubeIDE/plugins/com.st.stm32cube.ide.mcu.externaltools.gnu-tools-for-stm32.12.3.rel1.win32_1.1.0.202410251130/tools/bin/../lib/gcc/arm-none-eabi/12.3.1/thumb/v7-m/nofp/crtbegin.o

.rodata         0x08000cf4       0x4c
                0x08000cf4                        . = ALIGN (0x4)
 *(.rodata)
 .rodata        0x08000cf4       0x2f ./src/main.o
 *(.rodata*)
 *fill*         0x08000d23        0x1 
 .rodata.PLLMulTable
                0x08000d24        0x9 ./src/system_stm32l1xx.o
                0x08000d24                PLLMulTable
 *fill*         0x08000d2d        0x3 
 .rodata.AHBPrescTable
                0x08000d30       0x10 ./src/system_stm32l1xx.o
                0x08000d30                AHBPrescTable
                0x08000d40                        . = ALIGN (0x4)

.rel.dyn        0x08000d40        0x0
 .rel.iplt      0x08000d40        0x0 C:/ST/STM32CubeIDE_1.17.0/STM32CubeIDE/plugins/com.st.stm32cube.ide.mcu.externaltools.gnu-tools-for-stm32.12.3.rel1.win32_1.1.0.202410251130/tools/bin/../lib/gcc/arm-none-eabi/12.3.1/thumb/v7-m/nofp/crtbegin.o

.ARM.extab
 *(.ARM.extab* .gnu.linkonce.armextab.*)

.ARM            0x08000d40        0x0
                0x08000d40                        __exidx_start = .
 *(.ARM.exidx*)
                0x08000d40                        __exidx_end = .

.preinit_array  0x08000d40        0x0
                0x08000d40                        PROVIDE (__preinit_array_start = .)
 *(.preinit_array*)
                0x08000d40                        PROVIDE (__preinit_array_end = .)

.init_array     0x08000d40        0x4
                0x08000d40                        PROVIDE (__init_array_start = .)
 *(SORT_BY_NAME(.init_array.*))
 *(.init_array*)
 .init_array    0x08000d40        0x4 C:/ST/STM32CubeIDE_1.17.0/STM32CubeIDE/plugins/com.st.stm32cube.ide.mcu.externaltools.gnu-tools-for-stm32.12.3.rel1.win32_1.1.0.202410251130/tools/bin/../lib/gcc/arm-none-eabi/12.3.1/thumb/v7-m/nofp/crtbegin.o
                0x08000d44                        PROVIDE (__init_array_end = .)

.fini_array     0x08000d44        0x4
                [!provide]                        PROVIDE (__fini_array_start = .)
 *(SORT_BY_NAME(.fini_array.*))
 *(.fini_array*)
 .fini_array    0x08000d44        0x4 C:/ST/STM32CubeIDE_1.17.0/STM32CubeIDE/plugins/com.st.stm32cube.ide.mcu.externaltools.gnu-tools-for-stm32.12.3.rel1.win32_1.1.0.202410251130/tools/bin/../lib/gcc/arm-none-eabi/12.3.1/thumb/v7-m/nofp/crtbegin.o
                [!provide]                        PROVIDE (__fini_array_end = .)
                0x08000d48                        _sidata = LOADADDR (.data)

.data           0x20000000        0x4 load address 0x08000d48
                0x20000000                        . = ALIGN (0x4)
                0x20000000                        _sdata = .
 *(.data)
 *(.data*)
 .data.SystemCoreClock
                0x20000000        0x4 ./src/system_stm32l1xx.o
                0x20000000                SystemCoreClock
                0x20000004                        . = ALIGN (0x4)
                0x20000004                        _edata = .

.igot.plt       0x20000004        0x0 load address 0x08000d4c
 .igot.plt      0x20000004        0x0 C:/ST/STM32CubeIDE_1.17.0/STM32CubeIDE/plugins/com.st.stm32cube.ide.mcu.externaltools.gnu-tools-for-stm32.12.3.rel1.win32_1.1.0.202410251130/tools/bin/../lib/gcc/arm-none-eabi/12.3.1/thumb/v7-m/nofp/crtbegin.o
                0x20000004                        . = ALIGN (0x4)

.bss            0x20000004       0x20 load address 0x08000d4c
                0x20000004                        _sbss = .
                0x20000004                        __bss_start__ = _sbss
 *(.bss)
 .bss           0x20000004       0x1c C:/ST/STM32CubeIDE_1.17.0/STM32CubeIDE/plugins/com.st.stm32cube.ide.mcu.externaltools.gnu-tools-for-stm32.12.3.rel1.win32_1.1.0.202410251130/tools/bin/../lib/gcc/arm-none-eabi/12.3.1/thumb/v7-m/nofp/crtbegin.o
 *(.bss*)
 .bss.count     0x20000020        0x2 ./src/main.o
                0x20000020                count
 *(COMMON)
                0x20000024                        . = ALIGN (0x4)
 *fill*         0x20000022        0x2 
                0x20000024                        _ebss = .
                0x20000024                        __bss_end__ = _ebss

._user_heap_stack
                0x20000024      0x400 load address 0x08000d4c
                0x20000024                        . = ALIGN (0x4)
                0x20000024                        PROVIDE (end = .)
                [!provide]                        PROVIDE (_end = .)
                0x20000024                        . = (. + _Min_Heap_Size)
                0x20000424                        . = (. + _Min_Stack_Size)
 *fill*         0x20000024      0x400 
                0x20000424                        . = ALIGN (0x4)

.memory_b1_text
 *(.mb1text)
 *(.mb1text*)
 *(.mb1rodata)
 *(.mb1rodata*)

/DISCARD/
 libc.a(*)
 libm.a(*)
 libgcc.a(*)

.ARM.attributes
                0x00000000       0x29
 *(.ARM.attributes)
 .ARM.attributes
                0x00000000       0x1d C:/ST/STM32CubeIDE_1.17.0/STM32CubeIDE/plugins/com.st.stm32cube.ide.mcu.externaltools.gnu-tools-for-stm32.12.3.rel1.win32_1.1.0.202410251130/tools/bin/../lib/gcc/arm-none-eabi/12.3.1/thumb/v7-m/nofp/crti.o
 .ARM.attributes
                0x0000001d       0x2d C:/ST/STM32CubeIDE_1.17.0/STM32CubeIDE/plugins/com.st.stm32cube.ide.mcu.externaltools.gnu-tools-for-stm32.12.3.rel1.win32_1.1.0.202410251130/tools/bin/../lib/gcc/arm-none-eabi/12.3.1/thumb/v7-m/nofp/crtbegin.o
 .ARM.attributes
                0x0000004a       0x2d ./src/main.o
 .ARM.attributes
                0x00000077       0x21 ./src/startup_stm32l152xe.o
 .ARM.attributes
                0x00000098       0x2d ./src/system_stm32l1xx.o
 .ARM.attributes
                0x000000c5       0x2d ./src/tiny_printf.o
 .ARM.attributes
                0x000000f2       0x2d C:/ST/STM32CubeIDE_1.17.0/STM32CubeIDE/plugins/com.st.stm32cube.ide.mcu.externaltools.gnu-tools-for-stm32.12.3.rel1.win32_1.1.0.202410251130/tools/bin/../lib/gcc/arm-none-eabi/12.3.1/../../../../arm-none-eabi/lib/thumb/v7-m/nofp\libc_nano.a(libc_a-init.o)
 .ARM.attributes
                0x0000011f       0x1d C:/ST/STM32CubeIDE_1.17.0/STM32CubeIDE/plugins/com.st.stm32cube.ide.mcu.externaltools.gnu-tools-for-stm32.12.3.rel1.win32_1.1.0.202410251130/tools/bin/../lib/gcc/arm-none-eabi/12.3.1/thumb/v7-m/nofp/crtn.o
OUTPUT(template.elf elf32-littlearm)
LOAD linker stubs
LOAD C:/ST/STM32CubeIDE_1.17.0/STM32CubeIDE/plugins/com.st.stm32cube.ide.mcu.externaltools.gnu-tools-for-stm32.12.3.rel1.win32_1.1.0.202410251130/tools/bin/../lib/gcc/arm-none-eabi/12.3.1/../../../../arm-none-eabi/lib/thumb/v7-m/nofp\libc.a
LOAD C:/ST/STM32CubeIDE_1.17.0/STM32CubeIDE/plugins/com.st.stm32cube.ide.mcu.externaltools.gnu-tools-for-stm32.12.3.rel1.win32_1.1.0.202410251130/tools/bin/../lib/gcc/arm-none-eabi/12.3.1/../../../../arm-none-eabi/lib/thumb/v7-m/nofp\libm.a
LOAD C:/ST/STM32CubeIDE_1.17.0/STM32CubeIDE/plugins/com.st.stm32cube.ide.mcu.externaltools.gnu-tools-for-stm32.12.3.rel1.win32_1.1.0.202410251130/tools/bin/../lib/gcc/arm-none-eabi/12.3.1/thumb/v7-m/nofp\libgcc.a

.debug_info     0x00000000     0x1da0
 .debug_info    0x00000000      0xe34 ./src/main.o
 .debug_info    0x00000e34       0x30 ./src/startup_stm32l152xe.o
 .debug_info    0x00000e64      0x448 ./src/system_stm32l1xx.o
 .debug_info    0x000012ac      0xaf4 ./src/tiny_printf.o

.debug_abbrev   0x00000000      0x77b
 .debug_abbrev  0x00000000      0x3aa ./src/main.o
 .debug_abbrev  0x000003aa       0x24 ./src/startup_stm32l152xe.o
 .debug_abbrev  0x000003ce      0x11a ./src/system_stm32l1xx.o
 .debug_abbrev  0x000004e8      0x293 ./src/tiny_printf.o

.debug_aranges  0x00000000      0x178
 .debug_aranges
                0x00000000       0xc8 ./src/main.o
 .debug_aranges
                0x000000c8       0x28 ./src/startup_stm32l152xe.o
 .debug_aranges
                0x000000f0       0x28 ./src/system_stm32l1xx.o
 .debug_aranges
                0x00000118       0x60 ./src/tiny_printf.o

.debug_rnglists
                0x00000000      0x114
 .debug_rnglists
                0x00000000       0x99 ./src/main.o
 .debug_rnglists
                0x00000099       0x19 ./src/startup_stm32l152xe.o
 .debug_rnglists
                0x000000b2       0x1a ./src/system_stm32l1xx.o
 .debug_rnglists
                0x000000cc       0x48 ./src/tiny_printf.o

.debug_macro    0x00000000     0xedbe
 .debug_macro   0x00000000      0x1d8 ./src/main.o
 .debug_macro   0x000001d8      0xa9c ./src/main.o
 .debug_macro   0x00000c74      0x189 ./src/main.o
 .debug_macro   0x00000dfd       0x2e ./src/main.o
 .debug_macro   0x00000e2b       0x22 ./src/main.o
 .debug_macro   0x00000e4d       0x22 ./src/main.o
 .debug_macro   0x00000e6f       0x8e ./src/main.o
 .debug_macro   0x00000efd       0x51 ./src/main.o
 .debug_macro   0x00000f4e      0x103 ./src/main.o
 .debug_macro   0x00001051       0x6a ./src/main.o
 .debug_macro   0x000010bb      0x1df ./src/main.o
 .debug_macro   0x0000129a       0x34 ./src/main.o
 .debug_macro   0x000012ce       0x34 ./src/main.o
 .debug_macro   0x00001302      0xcb4 ./src/main.o
 .debug_macro   0x00001fb6     0xbea1 ./src/main.o
 .debug_macro   0x0000de57       0x43 ./src/main.o
 .debug_macro   0x0000de9a       0x61 ./src/main.o
 .debug_macro   0x0000defb       0x24 ./src/main.o
 .debug_macro   0x0000df1f       0x43 ./src/main.o
 .debug_macro   0x0000df62       0x34 ./src/main.o
 .debug_macro   0x0000df96       0x16 ./src/main.o
 .debug_macro   0x0000dfac       0x35 ./src/main.o
 .debug_macro   0x0000dfe1      0x369 ./src/main.o
 .debug_macro   0x0000e34a       0x10 ./src/main.o
 .debug_macro   0x0000e35a       0x16 ./src/main.o
 .debug_macro   0x0000e370       0x43 ./src/main.o
 .debug_macro   0x0000e3b3       0x34 ./src/main.o
 .debug_macro   0x0000e3e7       0x10 ./src/main.o
 .debug_macro   0x0000e3f7       0x58 ./src/main.o
 .debug_macro   0x0000e44f       0x8e ./src/main.o
 .debug_macro   0x0000e4dd       0x1c ./src/main.o
 .debug_macro   0x0000e4f9      0x177 ./src/main.o
 .debug_macro   0x0000e670       0x16 ./src/main.o
 .debug_macro   0x0000e686       0x16 ./src/main.o
 .debug_macro   0x0000e69c      0x146 ./src/main.o
 .debug_macro   0x0000e7e2       0x16 ./src/main.o
 .debug_macro   0x0000e7f8       0x16 ./src/main.o
 .debug_macro   0x0000e80e       0x29 ./src/main.o
 .debug_macro   0x0000e837       0xd1 ./src/system_stm32l1xx.o
 .debug_macro   0x0000e908      0x139 ./src/tiny_printf.o
 .debug_macro   0x0000ea41       0x58 ./src/tiny_printf.o
 .debug_macro   0x0000ea99       0x5b ./src/tiny_printf.o
 .debug_macro   0x0000eaf4       0x94 ./src/tiny_printf.o
 .debug_macro   0x0000eb88       0x57 ./src/tiny_printf.o
 .debug_macro   0x0000ebdf       0x9e ./src/tiny_printf.o
 .debug_macro   0x0000ec7d      0x10b ./src/tiny_printf.o
 .debug_macro   0x0000ed88       0x16 ./src/tiny_printf.o
 .debug_macro   0x0000ed9e       0x20 ./src/tiny_printf.o

.debug_line     0x00000000     0x1a50
 .debug_line    0x00000000      0xc68 ./src/main.o
 .debug_line    0x00000c68       0x76 ./src/startup_stm32l152xe.o
 .debug_line    0x00000cde      0x5a5 ./src/system_stm32l1xx.o
 .debug_line    0x00001283      0x7cd ./src/tiny_printf.o

.debug_str      0x00000000    0x50a02
 .debug_str     0x00000000    0x503f2 ./src/main.o
                              0x50618 (size before relaxing)
 .debug_str     0x000503f2       0x39 ./src/startup_stm32l152xe.o
                                 0x6a (size before relaxing)
 .debug_str     0x0005042b      0x122 ./src/system_stm32l1xx.o
                              0x4c4fe (size before relaxing)
 .debug_str     0x0005054d      0x4b5 ./src/tiny_printf.o
                               0x7124 (size before relaxing)

.comment        0x00000000       0x43
 .comment       0x00000000       0x43 ./src/main.o
                                 0x44 (size before relaxing)
 .comment       0x00000043       0x44 ./src/system_stm32l1xx.o
 .comment       0x00000043       0x44 ./src/tiny_printf.o

.debug_frame    0x00000000      0x568
 .debug_frame   0x00000000      0x328 ./src/main.o
 .debug_frame   0x00000328       0x58 ./src/system_stm32l1xx.o
 .debug_frame   0x00000380      0x1bc ./src/tiny_printf.o
 .debug_frame   0x0000053c       0x2c C:/ST/STM32CubeIDE_1.17.0/STM32CubeIDE/plugins/com.st.stm32cube.ide.mcu.externaltools.gnu-tools-for-stm32.12.3.rel1.win32_1.1.0.202410251130/tools/bin/../lib/gcc/arm-none-eabi/12.3.1/../../../../arm-none-eabi/lib/thumb/v7-m/nofp\libc_nano.a(libc_a-init.o)

.debug_line_str
                0x00000000       0x4e
 .debug_line_str
                0x00000000       0x4e ./src/startup_stm32l152xe.o
